// Jest Snapshot v1, https://goo.gl/fbAQLP

exports[`It should render NumberButtons correctly 1`] = `
<div
  className="number-buttons"
>
  <button
    id="seven"
    value="7"
  >
    7
  </button>
  <button
    id="eight"
    value="8"
  >
    8
  </button>
  <button
    id="nine"
    value="9"
  >
    9
  </button>
  <button
    id="four"
    value="4"
  >
    4
  </button>
  <button
    id="five"
    value="5"
  >
    5
  </button>
  <button
    id="six"
    value="6"
  >
    6
  </button>
  <button
    id="one"
    value="1"
  >
    1
  </button>
  <button
    id="two"
    value="2"
  >
    2
  </button>
  <button
    id="three"
    value="3"
  >
    3
  </button>
  <button
    className="zero-button"
    id="zero"
    value="0"
  >
    0
  </button>
  <button
    id="decimal"
    value="."
  >
    .
  </button>
</div>
`;
